---
source: crates/proto-flow/tests/regression.rs
expression: proto_test(msg)
---
|0a150808 12117b22 73706563 223a2263| ......{"spec":"c 00000000
|6f6e6669 67227d12 82040a18 76616c69| onfig"}.....vali 00000010
|64617465 2f6d6174 65726961 6c697a61| date/materializa 00000020
|74696f6e 10081a15 7b227661 6c696461| tion....{"valida 00000030
|7465223a 22636f6e 66696722 7d22cc03| te":"config"}".. 00000040
|0a157b22 7265736f 75726365 223a2263| ..{"resource":"c 00000050
|6f6e6669 67227d12 fe020a11 61636d65| onfig"}.....acme 00000060
|436f2f63 6f6c6c65 6374696f 6e1a082f| Co/collection../ 00000070
|6b65792f 6f6e651a 082f6b65 792f7477| key/one../key/tw 00000080
|6f220b2f 5f6d6574 612f7575 69642a04| o"./_meta/uuid*. 00000090
|74797065 2a067265 67696f6e 325d0a09| type*.region2].. 000000a0
|2f6a736f 6e2f7074 72120761 2d666965| /json/ptr..a-fie 000000b0
|6c642001 32450a07 696e7465 6765720a| ld .2E..integer. 000000c0
|06737472 696e671a 131a0374 79702204| .string....typ". 000000d0
|64617465 30b9603a 03656e63 22057469| date0.`:.enc".ti 000000e0
|746c652a 04646573 63320e7b 22646566| tle*.desc2.{"def 000000f0
|223a2261 756c7422 7d40013a 0e7b2261| ":"ault"}@.:.{"a 00000100
|636b223a 22747275 65227d42 127b2277| ck":"true"}B.{"w 00000110
|72697465 223a2273 6368656d 61227d4a| rite":"schema"}J 00000120
|a3010a12 70617274 6974696f 6e2f7465| ....partition/te 00000130
|6d706c61 74651003 1a400a1e 0a0f6573| mplate...@....es 00000140
|74756172 792e6465 762f666f 6f120b6c| tuary.dev/foo..l 00000150
|6162656c 2d76616c 75650a1e 0a0f6573| abel-value....es 00000160
|74756172 792e6465 762f6261 72120b6f| tuary.dev/bar..o 00000170
|74686572 2d76616c 75652242 08e9ec06| ther-value"B.... 00000180
|10031a12 73333a2f 2f627563 6b65742f| ....s3://bucket/ 00000190
|70726566 69782203 08ac0232 07083e10| prefix"....2..>. 000001a0
|80e59a77 3a185061 74687b7b 506f7374| ...w:.Path{{Post 000001b0
|6669782e 54656d70 6c617465 7d7d3004| fix.Template}}0. 000001c0
|38cfb0f5 015a117b 22726561 64223a22| 8....Z.{"read":" 000001d0
|73636865 6d61227d 1a1d0a07 615f6669| schema"}....a_fi 000001e0
|656c6412 127b2266 69656c64 223a2263| eld..{"field":"c 000001f0
|6f6e6669 67227d1a 130a0b6f 74686572| onfig"}....other 00000200
|2f666965 6c641204 34322e35 1a9d070a| /field..42.5.... 00000210
|8d070a16 61636d65 436f2f6d 61746572| ....acmeCo/mater 00000220
|69616c69 7a617469 6f6e1008 1a1d7b22| ialization....{" 00000230
|6d617465 7269616c 697a6522 3a7b2263| materialize":{"c 00000240
|6f6e6669 67223a34 327d7d22 81050a15| onfig":42}}".... 00000250
|7b227265 736f7572 6365223a 22636f6e| {"resource":"con 00000260
|66696722 7d120473 6f6d6512 04706174| fig"}..some..pat 00000270
|681afe02 0a116163 6d65436f 2f636f6c| h.....acmeCo/col 00000280
|6c656374 696f6e1a 082f6b65 792f6f6e| lection../key/on 00000290
|651a082f 6b65792f 74776f22 0b2f5f6d| e../key/two"./_m 000002a0
|6574612f 75756964 2a047479 70652a06| eta/uuid*.type*. 000002b0
|72656769 6f6e325d 0a092f6a 736f6e2f| region2]../json/ 000002c0
|70747212 07612d66 69656c64 20013245| ptr..a-field .2E 000002d0
|0a07696e 74656765 720a0673 7472696e| ..integer..strin 000002e0
|671a131a 03747970 22046461 746530b9| g....typ".date0. 000002f0
|603a0365 6e632205 7469746c 652a0464| `:.enc".title*.d 00000300
|65736332 0e7b2264 6566223a 2261756c| esc2.{"def":"aul 00000310
|74227d40 013a0e7b 2261636b 223a2274| t"}@.:.{"ack":"t 00000320
|72756522 7d42127b 22777269 7465223a| rue"}B.{"write": 00000330
|22736368 656d6122 7d4aa301 0a127061| "schema"}J....pa 00000340
|72746974 696f6e2f 74656d70 6c617465| rtition/template 00000350
|10031a40 0a1e0a0f 65737475 6172792e| ...@....estuary. 00000360
|6465762f 666f6f12 0b6c6162 656c2d76| dev/foo..label-v 00000370
|616c7565 0a1e0a0f 65737475 6172792e| alue....estuary. 00000380
|6465762f 62617212 0b6f7468 65722d76| dev/bar..other-v 00000390
|616c7565 224208e9 ec061003 1a127333| alue"B........s3 000003a0
|3a2f2f62 75636b65 742f7072 65666978| ://bucket/prefix 000003b0
|220308ac 02320708 3e1080e5 9a773a18| "....2..>....w:. 000003c0
|50617468 7b7b506f 73746669 782e5465| Path{{Postfix.Te 000003d0
|6d706c61 74657d7d 300438cf b0f5015a| mplate}}0.8....Z 000003e0
|117b2272 65616422 3a227363 68656d61| .{"read":"schema 000003f0
|227d2255 0a076b65 792f6f6e 65120776| "}"U..key/one..v 00000400
|616c2f74 776f1a0d 666c6f77 5f646f63| al/two..flow_doc 00000410
|756d656e 74221d0a 07615f66 69656c64| ument"...a_field 00000420
|12127b22 6669656c 64223a22 636f6e66| ..{"field":"conf 00000430
|6967227d 22130a0b 6f746865 722f6669| ig"}"...other/fi 00000440
|656c6412 0434322e 353a420a 400a1e0a| eld..42.5:B.@... 00000450
|0f657374 75617279 2e646576 2f666f6f| .estuary.dev/foo 00000460
|120b6c61 62656c2d 76616c75 650a1e0a| ..label-value... 00000470
|0f657374 75617279 2e646576 2f626172| .estuary.dev/bar 00000480
|120b6f74 6865722d 76616c75 65422e6d| ..other-valueB.m 00000490
|61746572 69616c69 7a652f61 636d6543| aterialize/acmeC 000004a0
|6f2f6d61 74657269 616c697a 6174696f| o/materializatio 000004b0
|6e2f736f 6d652532 30706174 68480352| n/some%20pathH.R 000004c0
|0608cbc8 d6a6065a 06088088 8ba1062a| .......Z.......* 000004d0
|80010a0e 73686172 642f7465 6d706c61| ....shard/templa 000004e0
|74651a0f 7265636f 76657279 2f707265| te..recovery/pre 000004f0
|66697822 0b68696e 742f7072 65666978| fix".hint/prefix 00000500
|28033202 083c4801 52400a1e 0a0f6573| (.2..<H.R@....es 00000510
|74756172 792e6465 762f666f 6f120b6c| tuary.dev/foo..l 00000520
|6162656c 2d76616c 75650a1e 0a0f6573| abel-value....es 00000530
|74756172 792e6465 762f6261 72120b6f| tuary.dev/bar..o 00000540
|74686572 2d76616c 7565608c dc0268e9| ther-value`...h. 00000550
|ec063238 0a117265 636f7665 72792f74| ..28..recovery/t 00000560
|656d706c 61746510 03222108 80804010| emplate.."!...@. 00000570
|041a1473 333a2f2f 6275636b 65742f72| ...s3://bucket/r 00000580
|65636f76 65727922 0308ac02 3a0c0890| ecovery"....:... 00000590
|3f120568 74747073 18013a03 08a84612| ?..https..:...F. 000005a0
|0b31313a 32323a33 333a3434 22cf070a| .11:22:33:44"... 000005b0
|8d070a16 61636d65 436f2f6d 61746572| ....acmeCo/mater 000005c0
|69616c69 7a617469 6f6e1008 1a1d7b22| ialization....{" 000005d0
|6d617465 7269616c 697a6522 3a7b2263| materialize":{"c 000005e0
|6f6e6669 67223a34 327d7d22 81050a15| onfig":42}}".... 000005f0
|7b227265 736f7572 6365223a 22636f6e| {"resource":"con 00000600
|66696722 7d120473 6f6d6512 04706174| fig"}..some..pat 00000610
|681afe02 0a116163 6d65436f 2f636f6c| h.....acmeCo/col 00000620
|6c656374 696f6e1a 082f6b65 792f6f6e| lection../key/on 00000630
|651a082f 6b65792f 74776f22 0b2f5f6d| e../key/two"./_m 00000640
|6574612f 75756964 2a047479 70652a06| eta/uuid*.type*. 00000650
|72656769 6f6e325d 0a092f6a 736f6e2f| region2]../json/ 00000660
|70747212 07612d66 69656c64 20013245| ptr..a-field .2E 00000670
|0a07696e 74656765 720a0673 7472696e| ..integer..strin 00000680
|671a131a 03747970 22046461 746530b9| g....typ".date0. 00000690
|603a0365 6e632205 7469746c 652a0464| `:.enc".title*.d 000006a0
|65736332 0e7b2264 6566223a 2261756c| esc2.{"def":"aul 000006b0
|74227d40 013a0e7b 2261636b 223a2274| t"}@.:.{"ack":"t 000006c0
|72756522 7d42127b 22777269 7465223a| rue"}B.{"write": 000006d0
|22736368 656d6122 7d4aa301 0a127061| "schema"}J....pa 000006e0
|72746974 696f6e2f 74656d70 6c617465| rtition/template 000006f0
|10031a40 0a1e0a0f 65737475 6172792e| ...@....estuary. 00000700
|6465762f 666f6f12 0b6c6162 656c2d76| dev/foo..label-v 00000710
|616c7565 0a1e0a0f 65737475 6172792e| alue....estuary. 00000720
|6465762f 62617212 0b6f7468 65722d76| dev/bar..other-v 00000730
|616c7565 224208e9 ec061003 1a127333| alue"B........s3 00000740
|3a2f2f62 75636b65 742f7072 65666978| ://bucket/prefix 00000750
|220308ac 02320708 3e1080e5 9a773a18| "....2..>....w:. 00000760
|50617468 7b7b506f 73746669 782e5465| Path{{Postfix.Te 00000770
|6d706c61 74657d7d 300438cf b0f5015a| mplate}}0.8....Z 00000780
|117b2272 65616422 3a227363 68656d61| .{"read":"schema 00000790
|227d2255 0a076b65 792f6f6e 65120776| "}"U..key/one..v 000007a0
|616c2f74 776f1a0d 666c6f77 5f646f63| al/two..flow_doc 000007b0
|756d656e 74221d0a 07615f66 69656c64| ument"...a_field 000007c0
|12127b22 6669656c 64223a22 636f6e66| ..{"field":"conf 000007d0
|6967227d 22130a0b 6f746865 722f6669| ig"}"...other/fi 000007e0
|656c6412 0434322e 353a420a 400a1e0a| eld..42.5:B.@... 000007f0
|0f657374 75617279 2e646576 2f666f6f| .estuary.dev/foo 00000800
|120b6c61 62656c2d 76616c75 650a1e0a| ..label-value... 00000810
|0f657374 75617279 2e646576 2f626172| .estuary.dev/bar 00000820
|120b6f74 6865722d 76616c75 65422e6d| ..other-valueB.m 00000830
|61746572 69616c69 7a652f61 636d6543| aterialize/acmeC 00000840
|6f2f6d61 74657269 616c697a 6174696f| o/materializatio 00000850
|6e2f736f 6d652532 30706174 68480352| n/some%20pathH.R 00000860
|0608cbc8 d6a6065a 06088088 8ba1062a| .......Z.......* 00000870
|80010a0e 73686172 642f7465 6d706c61| ....shard/templa 00000880
|74651a0f 7265636f 76657279 2f707265| te..recovery/pre 00000890
|66697822 0b68696e 742f7072 65666978| fix".hint/prefix 000008a0
|28033202 083c4801 52400a1e 0a0f6573| (.2..<H.R@....es 000008b0
|74756172 792e6465 762f666f 6f120b6c| tuary.dev/foo..l 000008c0
|6162656c 2d76616c 75650a1e 0a0f6573| abel-value....es 000008d0
|74756172 792e6465 762f6261 72120b6f| tuary.dev/bar..o 000008e0
|74686572 2d76616c 7565608c dc0268e9| ther-value`...h. 000008f0
|ec063238 0a117265 636f7665 72792f74| ..28..recovery/t 00000900
|656d706c 61746510 03222108 80804010| emplate.."!...@. 00000910
|041a1473 333a2f2f 6275636b 65742f72| ...s3://bucket/r 00000920
|65636f76 65727922 0308ac02 3a0c0890| ecovery"....:... 00000930
|3f120568 74747073 18013a03 08a84612| ?..https..:...F. 00000940
|0b31313a 32323a33 333a3434 1a141533| .11:22:33:44...3 00000950
|2211001d 77665544 25bbaa99 882dffee| "...wfUD%....-.. 00000960
|ddcc221a 7b22636f 6e6e6563 746f7222| ..".{"connector" 00000970
|3a7b2273 74617465 223a3432 7d7d2a13| :{"state":42}}*. 00000980
|080c1209 5b34322c 22686922 5d1a0456| ....[42,"hi"]..V 00000990
|4b1e0932 003a4308 03120b5b 74727565| K..2.:C....[true 000009a0
|2c6e756c 6c5d1a03 5a150022 125b332e| ,null]..Z..".[3. 000009b0
|31343135 392c2266 69656c64 21225d2a| 14159,"field!"]* 000009c0
|023c5b32 137b2266 756c6c22 3a22646f| .<[2.{"full":"do 000009d0
|63756d65 6e74227d 38014266 0a640a4a| cument"}8.Bf.d.J 000009e0
|0a15612f 72656164 2f6a6f75 726e616c| ..a/read/journal 000009f0
|3b737566 66697812 3108b960 12150a05| ;suffix.1..`.... 00000a00
|03090805 07120c09 e3210000 00000000| .........!...... 00000a10
|10d70812 150a0507 0c662b1d 120c0935| .........f+....5 00000a20
|01000000 00000010 ae111216 0a0e616e| ..............an 00000a30
|2f61636b 2f6a6f75 726e616c 12040304| /ack/journal.... 00000a40
|02054a00 a2060612 02486918 01|       ..J......Hi..    00000a50
                                                       00000a5d
