---
source: crates/agent/src/controllers/inferred_schema.rs
expression: "&updates"
info:
  id: "0100000000000000"
  completed_at: "2024-01-01T08:01:00Z"
  draft:
    captures:
      a/cap:
        endpoint:
          connector:
            image: "foo:test"
            config:
              "$serde_json::private::RawValue": "{}"
        bindings:
          - resource:
              "$serde_json::private::RawValue": "{\"thing\":\"acmeCo/a\"}"
            target: acmeCo/a
    collections:
      a/a:
        writeSchema:
          "$serde_json::private::RawValue": "{\"properties\":{\"id\":{\"type\":\"string\"}},\"type\":\"object\"}"
        readSchema:
          "$serde_json::private::RawValue": "{\"allOf\":[{\"$ref\":\"flow://inferred-schema\"},{\"$ref\":\"flow://write-schema\"}]}"
        key:
          - /id
      a/d:
        writeSchema:
          "$serde_json::private::RawValue": "{\"properties\":{\"id\":{\"type\":\"string\"}},\"type\":\"object\"}"
        readSchema:
          "$serde_json::private::RawValue": "{\"allOf\":[{\"$ref\":\"flow://inferred-schema\"},{\"$ref\":\"flow://write-schema\"}]}"
        key:
          - /id
        derive:
          using:
            sqlite: {}
          transforms:
            - name: a/a
              source: a/a
              shuffle: unset
              lambda:
                "$serde_json::private::RawValue": "\"shelect shtar\""
    materializations:
      a/m1:
        endpoint:
          connector:
            image: "foo:test"
            config:
              "$serde_json::private::RawValue": "{}"
        bindings:
          - resource:
              "$serde_json::private::RawValue": "{\"thing\":\"a/a\"}"
            source: a/a
            fields:
              recommended: true
          - resource:
              "$serde_json::private::RawValue": "{\"thing\":\"a/d\"}"
            source: a/d
            fields:
              recommended: true
      a/m2:
        endpoint:
          connector:
            image: "foo:test"
            config:
              "$serde_json::private::RawValue": "{}"
        bindings:
          - resource:
              "$serde_json::private::RawValue": "{\"thing\":\"a/a\"}"
            source: a/a
            fields:
              recommended: true
      a/m3:
        endpoint:
          connector:
            image: "foo:test"
            config:
              "$serde_json::private::RawValue": "{}"
        bindings:
          - resource:
              "$serde_json::private::RawValue": "{\"thing\":\"a/d\"}"
            source: a/d
            fields:
              recommended: true
  live: {}
  starting_states: {}
  publication_status:
    type: success
---
{
  "a/d": {
    "active": true,
    "next_run": {
      "after_seconds": 60,
      "jitter_percent": 20
    },
    "status": {
      "collections": {
        "a/a": {
          "inferred_schema_md5": null,
          "md5_last_updated": "2024-01-01T08:01:00Z"
        }
      },
      "publications": {
        "pending": null,
        "history": [],
        "last_observed": {
          "id": "0100000000000000",
          "completed": "2024-01-01T08:01:00Z",
          "result": {
            "type": "success"
          }
        }
      }
    }
  },
  "a/m1": {
    "active": true,
    "next_run": {
      "after_seconds": 60,
      "jitter_percent": 20
    },
    "status": {
      "collections": {
        "a/a": {
          "inferred_schema_md5": null,
          "md5_last_updated": "2024-01-01T08:01:00Z"
        },
        "a/d": {
          "inferred_schema_md5": null,
          "md5_last_updated": "2024-01-01T08:01:00Z"
        }
      },
      "publications": {
        "pending": null,
        "history": [],
        "last_observed": {
          "id": "0100000000000000",
          "completed": "2024-01-01T08:01:00Z",
          "result": {
            "type": "success"
          }
        }
      }
    }
  },
  "a/m2": {
    "active": true,
    "next_run": {
      "after_seconds": 60,
      "jitter_percent": 20
    },
    "status": {
      "collections": {
        "a/a": {
          "inferred_schema_md5": null,
          "md5_last_updated": "2024-01-01T08:01:00Z"
        }
      },
      "publications": {
        "pending": null,
        "history": [],
        "last_observed": {
          "id": "0100000000000000",
          "completed": "2024-01-01T08:01:00Z",
          "result": {
            "type": "success"
          }
        }
      }
    }
  },
  "a/m3": {
    "active": true,
    "next_run": {
      "after_seconds": 60,
      "jitter_percent": 20
    },
    "status": {
      "collections": {
        "a/d": {
          "inferred_schema_md5": null,
          "md5_last_updated": "2024-01-01T08:01:00Z"
        }
      },
      "publications": {
        "pending": null,
        "history": [],
        "last_observed": {
          "id": "0100000000000000",
          "completed": "2024-01-01T08:01:00Z",
          "result": {
            "type": "success"
          }
        }
      }
    }
  }
}
